[      67ms] [WARNING] cdn.tailwindcss.com should not be used in production. To use Tailwind CSS in production, install it as a PostCSS plugin or use the Tailwind CLI: https://tailwindcss.com/docs/installation @ https://cdn.tailwindcss.com/:63
[     144ms] [VERBOSE] [DOM] Password field is not contained in a form: (More info: https://goo.gl/9p2vKq) %o @ http://localhost:5173/rahasia_admin.html:0
[     144ms] [VERBOSE] [DOM] Password field is not contained in a form: (More info: https://goo.gl/9p2vKq) %o @ http://localhost:5173/rahasia_admin.html:0
[     179ms] [LOG] 💎 Data dimuat instan dari IndexedDB @ http://localhost:5173/rahasia_admin.js:46
[     210ms] [LOG] ✅ Peta dikunci (Mode Performa) @ http://localhost:5173/rahasia_admin.js:216
[     575ms] [LOG] 🔄 Data diperbarui dari server @ http://localhost:5173/rahasia_admin.js:70
[     618ms] [LOG] ✅ Peta dikunci (Mode Performa) @ http://localhost:5173/rahasia_admin.js:216
[   14396ms] [WARNING] cdn.tailwindcss.com should not be used in production. To use Tailwind CSS in production, install it as a PostCSS plugin or use the Tailwind CLI: https://tailwindcss.com/docs/installation @ https://cdn.tailwindcss.com/:63
[   14471ms] [VERBOSE] [DOM] Password field is not contained in a form: (More info: https://goo.gl/9p2vKq) %o @ http://localhost:5173/rahasia_admin.html:0
[   14471ms] [VERBOSE] [DOM] Password field is not contained in a form: (More info: https://goo.gl/9p2vKq) %o @ http://localhost:5173/rahasia_admin.html:0
[   14508ms] [LOG] 💎 Data dimuat instan dari IndexedDB @ http://localhost:5173/rahasia_admin.js:46
[   14821ms] [LOG] ✅ Peta dikunci (Mode Performa) @ http://localhost:5173/rahasia_admin.js:216
[  309830ms] [WARNING] cdn.tailwindcss.com should not be used in production. To use Tailwind CSS in production, install it as a PostCSS plugin or use the Tailwind CLI: https://tailwindcss.com/docs/installation @ https://cdn.tailwindcss.com/:63
[  309981ms] [VERBOSE] [DOM] Password field is not contained in a form: (More info: https://goo.gl/9p2vKq) %o @ http://localhost:5173/rahasia_admin.html:0
[  309981ms] [VERBOSE] [DOM] Password field is not contained in a form: (More info: https://goo.gl/9p2vKq) %o @ http://localhost:5173/rahasia_admin.html:0
[  310015ms] [LOG] 💎 Data dimuat instan dari IndexedDB @ http://localhost:5173/rahasia_admin.js:46
[  310565ms] [LOG] 🔄 Data diperbarui dari server @ http://localhost:5173/rahasia_admin.js:70
[  435114ms] [WARNING] cdn.tailwindcss.com should not be used in production. To use Tailwind CSS in production, install it as a PostCSS plugin or use the Tailwind CLI: https://tailwindcss.com/docs/installation @ https://cdn.tailwindcss.com/:63
[  435254ms] [VERBOSE] [DOM] Password field is not contained in a form: (More info: https://goo.gl/9p2vKq) %o @ http://localhost:5173/rahasia_admin.html:0
[  435255ms] [VERBOSE] [DOM] Password field is not contained in a form: (More info: https://goo.gl/9p2vKq) %o @ http://localhost:5173/rahasia_admin.html:0
[  435290ms] [LOG] 💎 Data dimuat instan dari IndexedDB @ http://localhost:5173/rahasia_admin.js:46
[  451717ms] [WARNING] cdn.tailwindcss.com should not be used in production. To use Tailwind CSS in production, install it as a PostCSS plugin or use the Tailwind CLI: https://tailwindcss.com/docs/installation @ https://cdn.tailwindcss.com/:63
[  451811ms] [VERBOSE] [DOM] Password field is not contained in a form: (More info: https://goo.gl/9p2vKq) %o @ http://localhost:5173/rahasia_admin.html:0
[  451811ms] [VERBOSE] [DOM] Password field is not contained in a form: (More info: https://goo.gl/9p2vKq) %o @ http://localhost:5173/rahasia_admin.html:0
[  451837ms] [LOG] 💎 Data dimuat instan dari IndexedDB @ http://localhost:5173/rahasia_admin.js:46
[  615580ms] [LOG] [vite] server connection lost. Polling for restart... @ http://localhost:5173/@vite/client:559
[  615585ms] [ERROR] Failed to load resource: net::ERR_CONNECTION_REFUSED @ http://localhost:5173/:0
